// Jest Snapshot v1, https://goo.gl/fbAQLP

exports[`Emoji should render correctly 1`] = `
initialize {
  "0": Object {
    "attribs": Object {
      "alt": "BibleThump",
      "class": "Emoji__EmojiImg-sc-16jw9js-0 dMRNFf",
      "src": "https://cdn.pepega.com/emojis/biblethump.png",
    },
    "children": Array [],
    "name": "img",
    "namespace": "http://www.w3.org/1999/xhtml",
    "next": null,
    "parent": null,
    "prev": null,
    "root": Object {
      "attribs": Object {},
      "children": Array [
        [Circular],
      ],
      "name": "root",
      "namespace": "http://www.w3.org/1999/xhtml",
      "next": null,
      "parent": null,
      "prev": null,
      "type": "root",
      "x-attribsNamespace": Object {},
      "x-attribsPrefix": Object {},
    },
    "type": "tag",
    "x-attribsNamespace": Object {
      "alt": undefined,
      "class": undefined,
      "src": undefined,
    },
    "x-attribsPrefix": Object {
      "alt": undefined,
      "class": undefined,
      "src": undefined,
    },
  },
  "_root": [Circular],
  "length": 1,
  "options": Object {
    "decodeEntities": true,
    "normalizeWhitespace": false,
    "withDomLvl1": true,
    "xml": false,
  },
}
`;
